// Jest Snapshot v1, https://goo.gl/fbAQLP

exports[`<CommentsHolder /> renders correctly 1`] = `
<View
  style={
    Object {
      "flex": 1,
      "paddingTop": 30,
    }
  }
>
  <RCTScrollView
    data={Array []}
    getItem={[Function]}
    getItemCount={[Function]}
    keyExtractor={[Function]}
    onContentSizeChange={[Function]}
    onLayout={[Function]}
    onMomentumScrollBegin={[Function]}
    onMomentumScrollEnd={[Function]}
    onScroll={[Function]}
    onScrollBeginDrag={[Function]}
    onScrollEndDrag={[Function]}
    removeClippedSubviews={false}
    renderItem={[Function]}
    scrollEventThrottle={50}
    stickyHeaderIndices={Array []}
    viewabilityConfigCallbackPairs={Array []}
  >
    <View />
  </RCTScrollView>
</View>
`;
