// Jest Snapshot v1, https://goo.gl/fbAQLP

exports[`<LoginScreen /> renders correctly 1`] = `
<View
  style={
    Object {
      "backgroundColor": "black",
      "flex": 1,
    }
  }
>
  <View
    style={
      Object {
        "backgroundColor": "#610440",
        "borderRadius": 8,
        "elevation": 2,
        "marginHorizontal": 32,
        "marginTop": 64,
        "padding": 16,
        "shadowColor": "black",
        "shadowOffset": Object {
          "height": 1,
          "width": 1,
        },
        "shadowOpacity": 0.35,
        "shadowRadius": 4,
      }
    }
  >
    <View>
      <View>
        <View
          style={
            Object {
              "marginVertical": 8,
            }
          }
        >
          <Text
            style={
              Array [
                Object {
                  "color": "white",
                  "marginBottom": 4,
                },
                undefined,
              ]
            }
          >
            Username
          </Text>
          <TextInput
            autoCapitalize="none"
            keyboardType="default"
            onChangeText={[Function]}
            style={
              Array [
                Object {
                  "backgroundColor": "#f9beda",
                  "borderRadius": 4,
                  "fontSize": 16,
                  "paddingHorizontal": 6,
                  "paddingVertical": 8,
                },
                undefined,
              ]
            }
            value=""
          />
        </View>
        <View
          style={
            Object {
              "marginVertical": 8,
            }
          }
        >
          <Text
            style={
              Array [
                Object {
                  "color": "white",
                  "marginBottom": 4,
                },
                undefined,
              ]
            }
          >
            Email Address
          </Text>
          <TextInput
            autoCapitalize="none"
            keyboardType="email-address"
            onChangeText={[Function]}
            style={
              Array [
                Object {
                  "backgroundColor": "#f9beda",
                  "borderRadius": 4,
                  "fontSize": 16,
                  "paddingHorizontal": 6,
                  "paddingVertical": 8,
                },
                undefined,
              ]
            }
            value=""
          />
        </View>
        <View
          style={
            Object {
              "marginVertical": 8,
            }
          }
        >
          <Text
            style={
              Array [
                Object {
                  "color": "white",
                  "marginBottom": 4,
                },
                undefined,
              ]
            }
          >
            Password
          </Text>
          <TextInput
            autoCapitalize="none"
            onChangeText={[Function]}
            secureTextEntry={true}
            style={
              Array [
                Object {
                  "backgroundColor": "#f9beda",
                  "borderRadius": 4,
                  "fontSize": 16,
                  "paddingHorizontal": 6,
                  "paddingVertical": 8,
                },
                undefined,
              ]
            }
            value=""
          />
        </View>
        <View
          style={
            Object {
              "marginVertical": 8,
            }
          }
        >
          <Text
            style={
              Array [
                Object {
                  "color": "white",
                  "marginBottom": 4,
                },
                undefined,
              ]
            }
          >
            Confirm Password
          </Text>
          <TextInput
            autoCapitalize="none"
            onChangeText={[Function]}
            secureTextEntry={true}
            style={
              Array [
                Object {
                  "backgroundColor": "#f9beda",
                  "borderRadius": 4,
                  "fontSize": 16,
                  "paddingHorizontal": 6,
                  "paddingVertical": 8,
                },
                undefined,
              ]
            }
            value=""
          />
        </View>
        <View
          style={
            Object {
              "marginTop": 12,
            }
          }
        >
          <View
            accessible={true}
            collapsable={false}
            focusable={true}
            onBlur={[Function]}
            onClick={[Function]}
            onFocus={[Function]}
            onResponderGrant={[Function]}
            onResponderMove={[Function]}
            onResponderRelease={[Function]}
            onResponderTerminate={[Function]}
            onResponderTerminationRequest={[Function]}
            onStartShouldSetResponder={[Function]}
            style={
              Array [
                Object {
                  "backgroundColor": "#c30b64",
                  "borderRadius": 6,
                  "elevation": 2,
                  "paddingHorizontal": 12,
                  "paddingVertical": 6,
                  "shadowColor": "black",
                  "shadowOffset": Object {
                    "height": 1,
                    "width": 1,
                  },
                  "shadowOpacity": 0.25,
                  "shadowRadius": 4,
                },
                false,
              ]
            }
          >
            <View>
              <Text
                style={
                  Object {
                    "color": "white",
                    "fontSize": 16,
                    "fontWeight": "bold",
                    "textAlign": "center",
                  }
                }
              >
                Sign up
              </Text>
            </View>
          </View>
        </View>
      </View>
    </View>
    <View
      style={
        Object {
          "marginTop": 8,
        }
      }
    >
      <View
        accessible={true}
        collapsable={false}
        focusable={true}
        onBlur={[Function]}
        onClick={[Function]}
        onFocus={[Function]}
        onResponderGrant={[Function]}
        onResponderMove={[Function]}
        onResponderRelease={[Function]}
        onResponderTerminate={[Function]}
        onResponderTerminationRequest={[Function]}
        onStartShouldSetResponder={[Function]}
        style={
          Array [
            Object {
              "paddingHorizontal": 12,
              "paddingVertical": 6,
            },
            false,
          ]
        }
      >
        <View>
          <Text
            style={
              Object {
                "color": "#f9beda",
                "textAlign": "center",
              }
            }
          >
            Log in instead
          </Text>
        </View>
      </View>
    </View>
  </View>
  <View
    style={
      Object {
        "flex": 1,
        "justifyContent": "space-between",
      }
    }
  />
</View>
`;
