// Jest Snapshot v1, https://goo.gl/fbAQLP

exports[`<StarsRating /> renders correctly 1`] = `
<View
  pointerEvents="auto"
  style={
    Object {
      "paddingVertical": 20,
    }
  }
>
  <View
    onMoveShouldSetResponder={[Function]}
    onMoveShouldSetResponderCapture={[Function]}
    onResponderEnd={[Function]}
    onResponderGrant={[Function]}
    onResponderMove={[Function]}
    onResponderReject={[Function]}
    onResponderRelease={[Function]}
    onResponderStart={[Function]}
    onResponderTerminate={[Function]}
    onResponderTerminationRequest={[Function]}
    onStartShouldSetResponder={[Function]}
    onStartShouldSetResponderCapture={[Function]}
    style={
      Object {
        "alignItems": "center",
        "flexDirection": "row",
        "justifyContent": "center",
      }
    }
  >
    <View
      onLayout={[Function]}
      style={
        Object {
          "alignItems": "center",
          "bottom": 0,
          "flexDirection": "row",
          "justifyContent": "center",
          "left": 0,
          "position": "absolute",
          "right": 0,
          "top": 0,
        }
      }
    >
      <View
        collapsable={false}
        style={
          Object {
            "backgroundColor": "#f1c40f",
            "height": 50,
            "width": 0,
          }
        }
      />
      <View
        collapsable={false}
        style={
          Object {
            "backgroundColor": "white",
            "height": 50,
            "width": 250,
          }
        }
      />
    </View>
    <View>
      <Image
        source={1}
        style={
          Object {
            "height": 50,
            "tintColor": "#333333",
            "width": 50,
          }
        }
      />
    </View>
    <View>
      <Image
        source={1}
        style={
          Object {
            "height": 50,
            "tintColor": "#333333",
            "width": 50,
          }
        }
      />
    </View>
    <View>
      <Image
        source={1}
        style={
          Object {
            "height": 50,
            "tintColor": "#333333",
            "width": 50,
          }
        }
      />
    </View>
    <View>
      <Image
        source={1}
        style={
          Object {
            "height": 50,
            "tintColor": "#333333",
            "width": 50,
          }
        }
      />
    </View>
    <View>
      <Image
        source={1}
        style={
          Object {
            "height": 50,
            "tintColor": "#333333",
            "width": 50,
          }
        }
      />
    </View>
  </View>
</View>
`;
